IDS:  49205 49205 SCORE:   6.00 NSCORE:   3.00    WORD: p o   WORD: p o
       p       o
       p       o
     4.0     2.0

IDS:  49205 57671 SCORE:  -8.00 NSCORE:  -1.60    WORD: p o   WORD: p a m p a
       p       a       m       p       a
       -       -       -       p       o
    -4.0    -4.0    -4.0     4.0     0.0

IDS:  57671 49205 SCORE:  -8.00 NSCORE:  -1.60    WORD: p a m p a   WORD: p o
       -       -       -       p       o
       p       a       m       p       a
    -4.0    -4.0    -4.0     4.0     0.0

IDS:  57671 57671 SCORE:  16.00 NSCORE:   3.20    WORD: p a m p a   WORD: p a m p a
       p       a       m       p       a
       p       a       m       p       a
     4.0     2.0     4.0     4.0     2.0

