IDS:  1 1 SCORE:  79.40 NSCORE:   7.22    WORD: s c h e i s s h a u s   WORD: s c h e i s s h a u s
       -       -       -       -       -       -       -       -       s       c       h       e       i       s       s       h       a       u       s       $
       s       c       h       e       i       s       s       h       -       -       -       -       -       -       -       -       a       u       s       $
     0.0     0.0     0.0     0.0     0.0     0.0     0.0    -1.0    -4.0    -2.0    -2.0    -2.0    -2.0    -2.0    -2.0    -2.0    33.9    33.8    33.7    -3.0

IDS:  1 2 SCORE:  93.40 NSCORE:   8.49    WORD: s c h e i s s h a u s   WORD: h a u s b a u
       -       -       -       -       -       -       -       h       a       u       s       b       a       u       $
       s       c       h       e       i       s       s       h       a       u       s       $       -       -       -
     0.0     0.0     0.0     0.0     0.0     0.0    -1.0    -3.0    33.9    33.8    33.7    -3.0    -1.0     0.0     0.0

IDS:  1 3 SCORE:  85.40 NSCORE:   7.76    WORD: s c h e i s s h a u s   WORD: b a u m h a u s
       -       -       -       -       -       -       -       -       b       a       u       m       h       a       u       s       $
       s       c       h       e       i       s       s       h       -       -       -       -       -       a       u       s       $
     0.0     0.0     0.0     0.0     0.0     0.0     0.0    -1.0    -4.0    -2.0    -2.0    -2.0    -2.0    33.9    33.8    33.7    -3.0

IDS:  1 4 SCORE:  51.40 NSCORE:   4.67    WORD: s c h e i s s h a u s   WORD: s h i t h o u s e
       -       -       -       -       -       -       -       -       s       h       i       t       h       o       u       s       e       $
       s       c       h       e       i       s       s       h       -       -       -       -       -       a       u       s       $       -
     0.0     0.0     0.0     0.0     0.0     0.0     0.0    -1.0    -4.0    -2.0    -2.0    -2.0    -2.0    22.9    22.8    22.7    -3.0    -1.0

IDS:  2 1 SCORE:  93.40 NSCORE:   8.49    WORD: h a u s b a u   WORD: s c h e i s s h a u s
       s       c       h       e       i       s       s       h       a       u       s       $       -       -       -
       -       -       -       -       -       -       -       h       a       u       s       b       a       u       $
     0.0     0.0     0.0     0.0     0.0     0.0    -1.0    -3.0    33.9    33.8    33.7    -3.0    -1.0     0.0     0.0

IDS:  2 2 SCORE: 123.20 NSCORE:  17.60    WORD: h a u s b a u   WORD: h a u s b a u
       h       a       u       s       b       a       u       $
       h       a       u       s       b       a       u       $
    -3.0    33.9    33.8    33.7    -3.0    -3.0    33.8    -3.0

IDS:  2 3 SCORE:  93.40 NSCORE:  11.68    WORD: h a u s b a u   WORD: b a u m h a u s
       b       a       u       m       h       a       u       s       $       -       -       -
       -       -       -       -       h       a       u       s       b       a       u       $
     0.0     0.0     0.0    -1.0    -3.0    33.9    33.8    33.7    -3.0    -1.0     0.0     0.0

IDS:  2 4 SCORE:  57.40 NSCORE:   6.38    WORD: h a u s b a u   WORD: s h i t h o u s e
       s       h       i       t       h       o       u       s       e       $       -       -
       -       -       -       -       h       a       u       s       b       a       u       $
     0.0     0.0     0.0    -1.0    -3.0    22.9    22.8    22.7    -3.0    -3.0    -1.0     0.0

IDS:  3 1 SCORE:  85.40 NSCORE:   7.76    WORD: b a u m h a u s   WORD: s c h e i s s h a u s
       s       c       h       e       i       s       s       h       -       -       -       -       -       a       u       s       $
       -       -       -       -       -       -       -       -       b       a       u       m       h       a       u       s       $
     0.0     0.0     0.0     0.0     0.0     0.0     0.0    -1.0    -4.0    -2.0    -2.0    -2.0    -2.0    33.9    33.8    33.7    -3.0

IDS:  3 2 SCORE:  93.40 NSCORE:  11.68    WORD: b a u m h a u s   WORD: h a u s b a u
       -       -       -       -       h       a       u       s       b       a       u       $
       b       a       u       m       h       a       u       s       $       -       -       -
     0.0     0.0     0.0    -1.0    -3.0    33.9    33.8    33.7    -3.0    -1.0     0.0     0.0

IDS:  3 3 SCORE: 120.20 NSCORE:  15.03    WORD: b a u m h a u s   WORD: b a u m h a u s
       b       a       u       m       h       a       u       s       $
       b       a       u       m       h       a       u       s       $
    -3.0    -3.0    33.8    -3.0    -3.0    33.9    33.8    33.7    -3.0

IDS:  3 4 SCORE:  76.30 NSCORE:   8.48    WORD: b a u m h a u s   WORD: s h i t h o u s e
       -       -       -       -       s       h       i       t       h       o       u       s       e       $
       b       a       u       m       -       -       -       -       h       a       u       s       $       -
     0.0     0.0     0.0    -1.0    -4.0    -2.0    -2.0    -2.0    22.9    22.9    22.8    22.7    -3.0    -1.0

IDS:  4 1 SCORE:  51.40 NSCORE:   4.67    WORD: s h i t h o u s e   WORD: s c h e i s s h a u s
       s       c       h       e       i       s       s       h       -       -       -       -       -       a       u       s       $       -
       -       -       -       -       -       -       -       -       s       h       i       t       h       o       u       s       e       $
     0.0     0.0     0.0     0.0     0.0     0.0     0.0    -1.0    -4.0    -2.0    -2.0    -2.0    -2.0    22.9    22.8    22.7    -3.0    -1.0

IDS:  4 2 SCORE:  57.40 NSCORE:   6.38    WORD: s h i t h o u s e   WORD: h a u s b a u
       -       -       -       -       h       a       u       s       b       a       u       $
       s       h       i       t       h       o       u       s       e       $       -       -
     0.0     0.0     0.0    -1.0    -3.0    22.9    22.8    22.7    -3.0    -3.0    -1.0     0.0

IDS:  4 3 SCORE:  76.30 NSCORE:   8.48    WORD: s h i t h o u s e   WORD: b a u m h a u s
       -       -       -       -       b       a       u       m       h       a       u       s       $       -
       s       h       i       t       -       -       -       -       h       o       u       s       e       $
     0.0     0.0     0.0    -1.0    -4.0    -2.0    -2.0    -2.0    22.9    22.9    22.8    22.7    -3.0    -1.0

IDS:  4 4 SCORE:  -2.00 NSCORE:  -0.22    WORD: s h i t h o u s e   WORD: s h i t h o u s e
       -       -       -       -       -       -       -       -       -       -       s       h       i       t       h       o       u       s       e       $
       s       h       i       t       h       o       u       s       e       $       -       -       -       -       -       -       -       -       -       -
     0.0     0.0     0.0     0.0     0.0     0.0     0.0     0.0     0.0    -1.0    -1.0     0.0     0.0     0.0     0.0     0.0     0.0     0.0     0.0     0.0

