IDS: 1 1 SCORE:  84.40 NSCORE:   8.44    WORD: s c h e i s s h a u s   WORD: s c h e i s s h a u s
       -       -       -       -       -       -       -       c       h       e       i       s       s       h       a       u       s
       c       h       e       i       s       s       h       -       -       -       -       -       -       -       a       u       s
     0.0     0.0     0.0     0.0     0.0     0.0    -1.0    -4.0    -2.0    -2.0    -2.0    -2.0    -2.0    -2.0    33.9    33.8    33.7

IDS: 1 2 SCORE:  99.40 NSCORE:   9.94    WORD: s c h e i s s h a u s   WORD: h a u s b a u
       -       -       -       -       -       -       -       a       u       s       b       a       u
       c       h       e       i       s       s       h       a       u       s       -       -       -
     0.0     0.0     0.0     0.0     0.0     0.0    -1.0    33.9    33.8    33.7    -1.0     0.0     0.0

IDS: 1 3 SCORE:  90.40 NSCORE:   9.04    WORD: s c h e i s s h a u s   WORD: b a u m h a u s
       -       -       -       -       -       -       -       a       u       m       h       a       u       s
       c       h       e       i       s       s       h       -       -       -       -       a       u       s
     0.0     0.0     0.0     0.0     0.0     0.0    -1.0    -4.0    -2.0    -2.0    -2.0    33.9    33.8    33.7

IDS: 1 4 SCORE:  56.40 NSCORE:   5.64    WORD: s c h e i s s h a u s   WORD: s h i t h o u s e
       -       -       -       -       -       -       -       h       i       t       h       o       u       s       e
       c       h       e       i       s       s       h       -       -       -       -       a       u       s       -
     0.0     0.0     0.0     0.0     0.0     0.0    -1.0    -4.0    -2.0    -2.0    -2.0    22.9    22.8    22.7    -1.0

IDS: 2 1 SCORE:  99.40 NSCORE:   9.94    WORD: h a u s b a u   WORD: s c h e i s s h a u s
       c       h       e       i       s       s       h       a       u       s       -       -       -
       -       -       -       -       -       -       -       a       u       s       b       a       u
     0.0     0.0     0.0     0.0     0.0     0.0    -1.0    33.9    33.8    33.7    -1.0     0.0     0.0

IDS: 2 2 SCORE: 129.20 NSCORE:  21.53    WORD: h a u s b a u   WORD: h a u s b a u
       a       u       s       b       a       u
       a       u       s       b       a       u
    33.9    33.8    33.7    -3.0    -3.0    33.8

IDS: 2 3 SCORE:  99.40 NSCORE:  14.20    WORD: h a u s b a u   WORD: b a u m h a u s
       a       u       m       h       a       u       s       -       -       -
       -       -       -       -       a       u       s       b       a       u
     0.0     0.0     0.0    -1.0    33.9    33.8    33.7    -1.0     0.0     0.0

IDS: 2 4 SCORE:  63.40 NSCORE:   7.93    WORD: h a u s b a u   WORD: s h i t h o u s e
       h       i       t       h       o       u       s       e       -       -
       -       -       -       -       a       u       s       b       a       u
     0.0     0.0     0.0    -1.0    22.9    22.8    22.7    -3.0    -1.0     0.0

IDS: 3 1 SCORE:  90.40 NSCORE:   9.04    WORD: b a u m h a u s   WORD: s c h e i s s h a u s
       c       h       e       i       s       s       h       -       -       -       -       a       u       s
       -       -       -       -       -       -       -       a       u       m       h       a       u       s
     0.0     0.0     0.0     0.0     0.0     0.0    -1.0    -4.0    -2.0    -2.0    -2.0    33.9    33.8    33.7

IDS: 3 2 SCORE:  99.40 NSCORE:  14.20    WORD: b a u m h a u s   WORD: h a u s b a u
       -       -       -       -       a       u       s       b       a       u
       a       u       m       h       a       u       s       -       -       -
     0.0     0.0     0.0    -1.0    33.9    33.8    33.7    -1.0     0.0     0.0

IDS: 3 3 SCORE: 126.20 NSCORE:  18.03    WORD: b a u m h a u s   WORD: b a u m h a u s
       a       u       m       h       a       u       s
       a       u       m       h       a       u       s
    -3.0    33.8    -3.0    -3.0    33.9    33.8    33.7

IDS: 3 4 SCORE:  81.30 NSCORE:  10.16    WORD: b a u m h a u s   WORD: s h i t h o u s e
       -       -       -       h       i       t       h       o       u       s       e
       a       u       m       -       -       -       h       a       u       s       -
     0.0     0.0    -1.0    -4.0    -2.0    -2.0    22.9    22.9    22.8    22.7    -1.0

IDS: 4 1 SCORE:  56.40 NSCORE:   5.64    WORD: s h i t h o u s e   WORD: s c h e i s s h a u s
       c       h       e       i       s       s       h       -       -       -       -       a       u       s       -
       -       -       -       -       -       -       -       h       i       t       h       o       u       s       e
     0.0     0.0     0.0     0.0     0.0     0.0    -1.0    -4.0    -2.0    -2.0    -2.0    22.9    22.8    22.7    -1.0

IDS: 4 2 SCORE:  63.40 NSCORE:   7.93    WORD: s h i t h o u s e   WORD: h a u s b a u
       -       -       -       -       a       u       s       b       a       u
       h       i       t       h       o       u       s       e       -       -
     0.0     0.0     0.0    -1.0    22.9    22.8    22.7    -3.0    -1.0     0.0

IDS: 4 3 SCORE:  81.30 NSCORE:  10.16    WORD: s h i t h o u s e   WORD: b a u m h a u s
       -       -       -       a       u       m       h       a       u       s       -
       h       i       t       -       -       -       h       o       u       s       e
     0.0     0.0    -1.0    -4.0    -2.0    -2.0    22.9    22.9    22.8    22.7    -1.0

IDS: 4 4 SCORE:  -2.00 NSCORE:  -0.25    WORD: s h i t h o u s e   WORD: s h i t h o u s e
       -       -       -       -       -       -       -       -       h       i       t       h       o       u       s       e
       h       i       t       h       o       u       s       e       -       -       -       -       -       -       -       -
     0.0     0.0     0.0     0.0     0.0     0.0     0.0    -1.0    -1.0     0.0     0.0     0.0     0.0     0.0     0.0     0.0

